wsl : docker: Error response from daemon: invalid mode: /workspace
At line:1 char:1
+ wsl docker run --rm --name compulysis-pytests `
+ ~~~~~~~~~~~~~~~~~~~~~~~~~~~~~~~~~~~~~~~~~~~~~~~
    + CategoryInfo          : NotSpecified: (docker: Error r...ode: /workspace:String) [],  
   RemoteException
    + FullyQualifiedErrorId : NativeCommandError
 

Run 'docker run --help' for more information
